<html>
<body>
<pre>
<h1>µVision Build Log</h1>
<h2>Project:</h2>
C:\Users\Administrator\Desktop\Í¼Æ¬½âÂëÏîÄ¿\TEST\TEST-2\TEST-2.uvproj
Project File Date:  06/05/2015

<h2>Output:</h2>
Rebuild target 'Target 1'
compiling system_LPC17xx.c...
assembling startup_LPC17xx.s...
compiling main.c...
main.c(19): warning:  #177-D: variable "i" was declared but never referenced
                int i;
main.c(20): warning:  #177-D: variable "color" was declared but never referenced
                unsigned short color;
main.c(22): warning:  #177-D: variable "sum" was declared but never referenced
                unsigned char sum=0;
main.c: 3 warnings, 0 errors
compiling Lcd.c...
compiling photo_data.c...
photo_data.c(3): warning:  #1-D: last line of file ends without a newline
  };
photo_data.c: 1 warning, 0 errors
compiling uart.c...
uart.c(78): warning:  #1-D: last line of file ends without a newline
  }
uart.c: 1 warning, 0 errors
linking...
Program Size: Code=4392 RO-data=8344 RW-data=20 ZI-data=19812  
FromELF: creating hex file...
".\TEST-2.axf" - 0 Error(s), 5 Warning(s).
</pre>
</body>
</html>
